// Jest Snapshot v1, https://goo.gl/fbAQLP

exports[`renders MovieCard 1`] = `
ShallowWrapper {
  "length": 1,
  Symbol(enzyme.__root__): [Circular],
  Symbol(enzyme.__unrendered__): <Unknown
    genres={
        Array [
            Object {
              "id": 28,
              "name": "Action",
            },
            Object {
              "id": 12,
              "name": "Adventure",
            },
          ]
    }
    popularity={88.123}
    poster_path="abc123"
    title="A movie title"
/>,
  Symbol(enzyme.__renderer__): Object {
    "batchedUpdates": [Function],
    "getNode": [Function],
    "render": [Function],
    "simulateEvent": [Function],
    "unmount": [Function],
  },
  Symbol(enzyme.__node__): Object {
    "instance": null,
    "key": undefined,
    "nodeType": "host",
    "props": Object {
      "children": <Card
        tag="div"
>
        <CardImg
                alt="Poster for A movie title"
                src="https://image.tmdb.org/t/p/original/abc123"
                tag="img"
                top={true}
        />
        <CardBody
                tag="div"
        >
                <CardTitle
                        tag="h5"
                >
                        A movie title
                </CardTitle>
                <CardSubtitle
                        tag="h6"
                >
                        Popularity: 
                        88.123
                </CardSubtitle>
                <CardText
                        tag="p"
                >
                        Genres: 
                        <span>
                                Action
                                 
                        </span>
                        <span>
                                Adventure
                                 
                        </span>
                </CardText>
        </CardBody>
</Card>,
      "className": "col-12 col-md-6 col-lg-4",
    },
    "ref": null,
    "rendered": Object {
      "instance": null,
      "key": undefined,
      "nodeType": "function",
      "props": Object {
        "children": Array [
          <CardImg
            alt="Poster for A movie title"
            src="https://image.tmdb.org/t/p/original/abc123"
            tag="img"
            top={true}
/>,
          <CardBody
            tag="div"
>
            <CardTitle
                        tag="h5"
            >
                        A movie title
            </CardTitle>
            <CardSubtitle
                        tag="h6"
            >
                        Popularity: 
                        88.123
            </CardSubtitle>
            <CardText
                        tag="p"
            >
                        Genres: 
                        <span>
                                    Action
                                     
                        </span>
                        <span>
                                    Adventure
                                     
                        </span>
            </CardText>
</CardBody>,
        ],
        "tag": "div",
      },
      "ref": null,
      "rendered": Array [
        Object {
          "instance": null,
          "key": undefined,
          "nodeType": "function",
          "props": Object {
            "alt": "Poster for A movie title",
            "src": "https://image.tmdb.org/t/p/original/abc123",
            "tag": "img",
            "top": true,
          },
          "ref": null,
          "rendered": null,
          "type": [Function],
        },
        Object {
          "instance": null,
          "key": undefined,
          "nodeType": "function",
          "props": Object {
            "children": Array [
              <CardTitle
                tag="h5"
>
                A movie title
</CardTitle>,
              <CardSubtitle
                tag="h6"
>
                Popularity: 
                88.123
</CardSubtitle>,
              <CardText
                tag="p"
>
                Genres: 
                <span>
                                Action
                                 
                </span>
                <span>
                                Adventure
                                 
                </span>
</CardText>,
            ],
            "tag": "div",
          },
          "ref": null,
          "rendered": Array [
            Object {
              "instance": null,
              "key": undefined,
              "nodeType": "function",
              "props": Object {
                "children": "A movie title",
                "tag": "h5",
              },
              "ref": null,
              "rendered": "A movie title",
              "type": [Function],
            },
            Object {
              "instance": null,
              "key": undefined,
              "nodeType": "function",
              "props": Object {
                "children": Array [
                  "Popularity: ",
                  88.123,
                ],
                "tag": "h6",
              },
              "ref": null,
              "rendered": Array [
                "Popularity: ",
                88.123,
              ],
              "type": [Function],
            },
            Object {
              "instance": null,
              "key": undefined,
              "nodeType": "function",
              "props": Object {
                "children": Array [
                  "Genres: ",
                  Array [
                    <span>
                      Action
                       
</span>,
                    <span>
                      Adventure
                       
</span>,
                  ],
                ],
                "tag": "p",
              },
              "ref": null,
              "rendered": Array [
                "Genres: ",
                Object {
                  "instance": null,
                  "key": "28",
                  "nodeType": "host",
                  "props": Object {
                    "children": Array [
                      "Action",
                      " ",
                    ],
                  },
                  "ref": null,
                  "rendered": Array [
                    "Action",
                    " ",
                  ],
                  "type": "span",
                },
                Object {
                  "instance": null,
                  "key": "12",
                  "nodeType": "host",
                  "props": Object {
                    "children": Array [
                      "Adventure",
                      " ",
                    ],
                  },
                  "ref": null,
                  "rendered": Array [
                    "Adventure",
                    " ",
                  ],
                  "type": "span",
                },
              ],
              "type": [Function],
            },
          ],
          "type": [Function],
        },
      ],
      "type": [Function],
    },
    "type": "div",
  },
  Symbol(enzyme.__nodes__): Array [
    Object {
      "instance": null,
      "key": undefined,
      "nodeType": "host",
      "props": Object {
        "children": <Card
          tag="div"
>
          <CardImg
                    alt="Poster for A movie title"
                    src="https://image.tmdb.org/t/p/original/abc123"
                    tag="img"
                    top={true}
          />
          <CardBody
                    tag="div"
          >
                    <CardTitle
                              tag="h5"
                    >
                              A movie title
                    </CardTitle>
                    <CardSubtitle
                              tag="h6"
                    >
                              Popularity: 
                              88.123
                    </CardSubtitle>
                    <CardText
                              tag="p"
                    >
                              Genres: 
                              <span>
                                        Action
                                         
                              </span>
                              <span>
                                        Adventure
                                         
                              </span>
                    </CardText>
          </CardBody>
</Card>,
        "className": "col-12 col-md-6 col-lg-4",
      },
      "ref": null,
      "rendered": Object {
        "instance": null,
        "key": undefined,
        "nodeType": "function",
        "props": Object {
          "children": Array [
            <CardImg
              alt="Poster for A movie title"
              src="https://image.tmdb.org/t/p/original/abc123"
              tag="img"
              top={true}
/>,
            <CardBody
              tag="div"
>
              <CardTitle
                            tag="h5"
              >
                            A movie title
              </CardTitle>
              <CardSubtitle
                            tag="h6"
              >
                            Popularity: 
                            88.123
              </CardSubtitle>
              <CardText
                            tag="p"
              >
                            Genres: 
                            <span>
                                          Action
                                           
                            </span>
                            <span>
                                          Adventure
                                           
                            </span>
              </CardText>
</CardBody>,
          ],
          "tag": "div",
        },
        "ref": null,
        "rendered": Array [
          Object {
            "instance": null,
            "key": undefined,
            "nodeType": "function",
            "props": Object {
              "alt": "Poster for A movie title",
              "src": "https://image.tmdb.org/t/p/original/abc123",
              "tag": "img",
              "top": true,
            },
            "ref": null,
            "rendered": null,
            "type": [Function],
          },
          Object {
            "instance": null,
            "key": undefined,
            "nodeType": "function",
            "props": Object {
              "children": Array [
                <CardTitle
                  tag="h5"
>
                  A movie title
</CardTitle>,
                <CardSubtitle
                  tag="h6"
>
                  Popularity: 
                  88.123
</CardSubtitle>,
                <CardText
                  tag="p"
>
                  Genres: 
                  <span>
                                    Action
                                     
                  </span>
                  <span>
                                    Adventure
                                     
                  </span>
</CardText>,
              ],
              "tag": "div",
            },
            "ref": null,
            "rendered": Array [
              Object {
                "instance": null,
                "key": undefined,
                "nodeType": "function",
                "props": Object {
                  "children": "A movie title",
                  "tag": "h5",
                },
                "ref": null,
                "rendered": "A movie title",
                "type": [Function],
              },
              Object {
                "instance": null,
                "key": undefined,
                "nodeType": "function",
                "props": Object {
                  "children": Array [
                    "Popularity: ",
                    88.123,
                  ],
                  "tag": "h6",
                },
                "ref": null,
                "rendered": Array [
                  "Popularity: ",
                  88.123,
                ],
                "type": [Function],
              },
              Object {
                "instance": null,
                "key": undefined,
                "nodeType": "function",
                "props": Object {
                  "children": Array [
                    "Genres: ",
                    Array [
                      <span>
                        Action
                         
</span>,
                      <span>
                        Adventure
                         
</span>,
                    ],
                  ],
                  "tag": "p",
                },
                "ref": null,
                "rendered": Array [
                  "Genres: ",
                  Object {
                    "instance": null,
                    "key": "28",
                    "nodeType": "host",
                    "props": Object {
                      "children": Array [
                        "Action",
                        " ",
                      ],
                    },
                    "ref": null,
                    "rendered": Array [
                      "Action",
                      " ",
                    ],
                    "type": "span",
                  },
                  Object {
                    "instance": null,
                    "key": "12",
                    "nodeType": "host",
                    "props": Object {
                      "children": Array [
                        "Adventure",
                        " ",
                      ],
                    },
                    "ref": null,
                    "rendered": Array [
                      "Adventure",
                      " ",
                    ],
                    "type": "span",
                  },
                ],
                "type": [Function],
              },
            ],
            "type": [Function],
          },
        ],
        "type": [Function],
      },
      "type": "div",
    },
  ],
  Symbol(enzyme.__options__): Object {
    "adapter": ReactSixteenAdapter {
      "options": Object {
        "enableComponentDidUpdateOnSetState": true,
      },
    },
  },
}
`;
