// Jest Snapshot v1, https://goo.gl/fbAQLP

exports[`renders RatingsFilter 1`] = `
ShallowWrapper {
  "length": 1,
  Symbol(enzyme.__root__): [Circular],
  Symbol(enzyme.__unrendered__): <Unknown
    onChange={[Function]}
    value={5}
/>,
  Symbol(enzyme.__renderer__): Object {
    "batchedUpdates": [Function],
    "getNode": [Function],
    "render": [Function],
    "simulateEvent": [Function],
    "unmount": [Function],
  },
  Symbol(enzyme.__node__): Object {
    "instance": null,
    "key": undefined,
    "nodeType": "host",
    "props": Object {
      "children": <div
        className="col-12 col-md-6 col-lg-4"
>
        <InputGroup
                tag="div"
        >
                <Label
                        for="min-rating"
                        tag="label"
                        widths={
                                Array [
                                        "xs",
                                        "sm",
                                        "md",
                                        "lg",
                                        "xl",
                                      ]
                        }
                >
                        Minimum rating
                </Label>
                <Input
                        id="min-rating"
                        max="10"
                        min="0"
                        onChange={[Function]}
                        step="0.5"
                        type="number"
                        value={5}
                />
        </InputGroup>
</div>,
      "className": "row",
    },
    "ref": null,
    "rendered": Object {
      "instance": null,
      "key": undefined,
      "nodeType": "host",
      "props": Object {
        "children": <InputGroup
          tag="div"
>
          <Label
                    for="min-rating"
                    tag="label"
                    widths={
                              Array [
                                        "xs",
                                        "sm",
                                        "md",
                                        "lg",
                                        "xl",
                                      ]
                    }
          >
                    Minimum rating
          </Label>
          <Input
                    id="min-rating"
                    max="10"
                    min="0"
                    onChange={[Function]}
                    step="0.5"
                    type="number"
                    value={5}
          />
</InputGroup>,
        "className": "col-12 col-md-6 col-lg-4",
      },
      "ref": null,
      "rendered": Object {
        "instance": null,
        "key": undefined,
        "nodeType": "function",
        "props": Object {
          "children": Array [
            <Label
              for="min-rating"
              tag="label"
              widths={
                            Array [
                                          "xs",
                                          "sm",
                                          "md",
                                          "lg",
                                          "xl",
                                        ]
              }
>
              Minimum rating
</Label>,
            <Input
              id="min-rating"
              max="10"
              min="0"
              onChange={[Function]}
              step="0.5"
              type="number"
              value={5}
/>,
          ],
          "tag": "div",
        },
        "ref": null,
        "rendered": Array [
          Object {
            "instance": null,
            "key": undefined,
            "nodeType": "function",
            "props": Object {
              "children": "Minimum rating",
              "for": "min-rating",
              "tag": "label",
              "widths": Array [
                "xs",
                "sm",
                "md",
                "lg",
                "xl",
              ],
            },
            "ref": null,
            "rendered": "Minimum rating",
            "type": [Function],
          },
          Object {
            "instance": null,
            "key": undefined,
            "nodeType": "class",
            "props": Object {
              "id": "min-rating",
              "max": "10",
              "min": "0",
              "onChange": [Function],
              "step": "0.5",
              "type": "number",
              "value": 5,
            },
            "ref": null,
            "rendered": null,
            "type": [Function],
          },
        ],
        "type": [Function],
      },
      "type": "div",
    },
    "type": "div",
  },
  Symbol(enzyme.__nodes__): Array [
    Object {
      "instance": null,
      "key": undefined,
      "nodeType": "host",
      "props": Object {
        "children": <div
          className="col-12 col-md-6 col-lg-4"
>
          <InputGroup
                    tag="div"
          >
                    <Label
                              for="min-rating"
                              tag="label"
                              widths={
                                        Array [
                                                  "xs",
                                                  "sm",
                                                  "md",
                                                  "lg",
                                                  "xl",
                                                ]
                              }
                    >
                              Minimum rating
                    </Label>
                    <Input
                              id="min-rating"
                              max="10"
                              min="0"
                              onChange={[Function]}
                              step="0.5"
                              type="number"
                              value={5}
                    />
          </InputGroup>
</div>,
        "className": "row",
      },
      "ref": null,
      "rendered": Object {
        "instance": null,
        "key": undefined,
        "nodeType": "host",
        "props": Object {
          "children": <InputGroup
            tag="div"
>
            <Label
                        for="min-rating"
                        tag="label"
                        widths={
                                    Array [
                                                "xs",
                                                "sm",
                                                "md",
                                                "lg",
                                                "xl",
                                              ]
                        }
            >
                        Minimum rating
            </Label>
            <Input
                        id="min-rating"
                        max="10"
                        min="0"
                        onChange={[Function]}
                        step="0.5"
                        type="number"
                        value={5}
            />
</InputGroup>,
          "className": "col-12 col-md-6 col-lg-4",
        },
        "ref": null,
        "rendered": Object {
          "instance": null,
          "key": undefined,
          "nodeType": "function",
          "props": Object {
            "children": Array [
              <Label
                for="min-rating"
                tag="label"
                widths={
                                Array [
                                                "xs",
                                                "sm",
                                                "md",
                                                "lg",
                                                "xl",
                                              ]
                }
>
                Minimum rating
</Label>,
              <Input
                id="min-rating"
                max="10"
                min="0"
                onChange={[Function]}
                step="0.5"
                type="number"
                value={5}
/>,
            ],
            "tag": "div",
          },
          "ref": null,
          "rendered": Array [
            Object {
              "instance": null,
              "key": undefined,
              "nodeType": "function",
              "props": Object {
                "children": "Minimum rating",
                "for": "min-rating",
                "tag": "label",
                "widths": Array [
                  "xs",
                  "sm",
                  "md",
                  "lg",
                  "xl",
                ],
              },
              "ref": null,
              "rendered": "Minimum rating",
              "type": [Function],
            },
            Object {
              "instance": null,
              "key": undefined,
              "nodeType": "class",
              "props": Object {
                "id": "min-rating",
                "max": "10",
                "min": "0",
                "onChange": [Function],
                "step": "0.5",
                "type": "number",
                "value": 5,
              },
              "ref": null,
              "rendered": null,
              "type": [Function],
            },
          ],
          "type": [Function],
        },
        "type": "div",
      },
      "type": "div",
    },
  ],
  Symbol(enzyme.__options__): Object {
    "adapter": ReactSixteenAdapter {
      "options": Object {
        "enableComponentDidUpdateOnSetState": true,
      },
    },
  },
}
`;
